{
  "version": "1.5.0",
  "plugins_used": [
    {
      "name": "ArtifactoryDetector"
    },
    {
      "name": "AWSKeyDetector"
    },
    {
      "name": "AzureStorageKeyDetector"
    },
    {
      "name": "Base64HighEntropyString",
      "limit": 4.5
    },
    {
      "name": "BasicAuthDetector"
    },
    {
      "name": "CloudantDetector"
    },
    {
      "name": "DiscordBotTokenDetector"
    },
    {
      "name": "GitHubTokenDetector"
    },
    {
      "name": "GitLabTokenDetector"
    },
    {
      "name": "HexHighEntropyString",
      "limit": 3.0
    },
    {
      "name": "IbmCloudIamDetector"
    },
    {
      "name": "IbmCosHmacDetector"
    },
    {
      "name": "IPPublicDetector"
    },
    {
      "name": "JwtTokenDetector"
    },
    {
      "name": "KeywordDetector",
      "keyword_exclude": ""
    },
    {
      "name": "MailchimpDetector"
    },
    {
      "name": "NpmDetector"
    },
    {
      "name": "OpenAIDetector"
    },
    {
      "name": "PrivateKeyDetector"
    },
    {
      "name": "PypiTokenDetector"
    },
    {
      "name": "SendGridDetector"
    },
    {
      "name": "SlackDetector"
    },
    {
      "name": "SoftlayerDetector"
    },
    {
      "name": "SquareOAuthDetector"
    },
    {
      "name": "StripeDetector"
    },
    {
      "name": "TelegramBotTokenDetector"
    },
    {
      "name": "TwilioKeyDetector"
    }
  ],
  "filters_used": [
    {
      "path": "detect_secrets.filters.allowlist.is_line_allowlisted"
    },
    {
      "path": "detect_secrets.filters.common.is_baseline_file",
      "filename": ".secrets.baseline"
    },
    {
      "path": "detect_secrets.filters.common.is_ignored_due_to_verification_policies",
      "min_level": 2
    },
    {
      "path": "detect_secrets.filters.heuristic.is_indirect_reference"
    },
    {
      "path": "detect_secrets.filters.heuristic.is_likely_id_string"
    },
    {
      "path": "detect_secrets.filters.heuristic.is_lock_file"
    },
    {
      "path": "detect_secrets.filters.heuristic.is_not_alphanumeric_string"
    },
    {
      "path": "detect_secrets.filters.heuristic.is_potential_uuid"
    },
    {
      "path": "detect_secrets.filters.heuristic.is_prefixed_with_dollar_sign"
    },
    {
      "path": "detect_secrets.filters.heuristic.is_sequential_string"
    },
    {
      "path": "detect_secrets.filters.heuristic.is_swagger_file"
    },
    {
      "path": "detect_secrets.filters.heuristic.is_templated_secret"
    },
    {
      "path": "detect_secrets.filters.regex.should_exclude_file",
      "pattern": [
        "\\.venv/|node_modules/|\\.pytest_cache/|\\.ruff_cache/|\\.git/|.*\\.lock$|.*\\.ipynb$"
      ]
    }
  ],
  "results": {
    ".github/workflows/ci.yml": [
      {
        "type": "Basic Auth Credentials",
        "filename": ".github/workflows/ci.yml",
        "hashed_secret": "206c80413b9a96c1312cc346b7d2517b84463edd",
        "is_verified": false,
        "line_number": 58
      },
      {
        "type": "Secret Keyword",
        "filename": ".github/workflows/ci.yml",
        "hashed_secret": "6aa639c27585287d67b7ec6510038f7123aa182e",
        "is_verified": false,
        "line_number": 58
      }
    ],
    "auth-service/tests/unit/test_auth_status_codes.py": [
      {
        "type": "Secret Keyword",
        "filename": "auth-service/tests/unit/test_auth_status_codes.py",
        "hashed_secret": "e8662cfb96bd9c7fe84c31d76819ec3a92c80e63",
        "is_verified": false,
        "line_number": 84
      },
      {
        "type": "Secret Keyword",
        "filename": "auth-service/tests/unit/test_auth_status_codes.py",
        "hashed_secret": "1902e3d6fc4e78a0bcc50ba12b882769afbf4a8c",
        "is_verified": false,
        "line_number": 134
      }
    ],
    "auth-service/tests/unit/test_jwt_sub_migration.py": [
      {
        "type": "Secret Keyword",
        "filename": "auth-service/tests/unit/test_jwt_sub_migration.py",
        "hashed_secret": "d4e0e04792fd434b5dc9c4155c178f66edcf4ed3",
        "is_verified": false,
        "line_number": 21
      }
    ],
    "auth-service/tests/unit/test_rate_limiting.py": [
      {
        "type": "Secret Keyword",
        "filename": "auth-service/tests/unit/test_rate_limiting.py",
        "hashed_secret": "c3269ca3c510d74dd8a1c31501a28ceb77a04f39",
        "is_verified": false,
        "line_number": 153
      }
    ],
    "credential-broker-service/app/models/enums.py": [
      {
        "type": "Secret Keyword",
        "filename": "credential-broker-service/app/models/enums.py",
        "hashed_secret": "665b1e3851eefefa3fb878654292f16597d25155",
        "is_verified": false,
        "line_number": 5
      }
    ],
    "docker-compose.yml": [
      {
        "type": "Secret Keyword",
        "filename": "docker-compose.yml",
        "hashed_secret": "206c80413b9a96c1312cc346b7d2517b84463edd",
        "is_verified": false,
        "line_number": 170
      }
    ],
    "knowledge-graph-builder/.env.example": [
      {
        "type": "Basic Auth Credentials",
        "filename": "knowledge-graph-builder/.env.example",
        "hashed_secret": "5baa61e4c9b93f3f0682250b6cf8331b7ee68fd8",
        "is_verified": false,
        "line_number": 11
      }
    ],
    "knowledge-graph-builder/alembic.ini": [
      {
        "type": "Basic Auth Credentials",
        "filename": "knowledge-graph-builder/alembic.ini",
        "hashed_secret": "206c80413b9a96c1312cc346b7d2517b84463edd",
        "is_verified": false,
        "line_number": 6
      }
    ],
    "knowledge-graph-builder/alembic/versions/add_optimization_columns.py": [
      {
        "type": "Hex High Entropy String",
        "filename": "knowledge-graph-builder/alembic/versions/add_optimization_columns.py",
        "hashed_secret": "601882f212bd095768393e859ab08ea976c6c3c7",
        "is_verified": false,
        "line_number": 14
      }
    ],
    "knowledge-graph-builder/alembic/versions/be711928c61e_add_optimization_tracking_fields.py": [
      {
        "type": "Hex High Entropy String",
        "filename": "knowledge-graph-builder/alembic/versions/be711928c61e_add_optimization_tracking_fields.py",
        "hashed_secret": "601882f212bd095768393e859ab08ea976c6c3c7",
        "is_verified": false,
        "line_number": 14
      }
    ],
    "knowledge-graph-builder/app/core/config.py": [
      {
        "type": "Basic Auth Credentials",
        "filename": "knowledge-graph-builder/app/core/config.py",
        "hashed_secret": "5baa61e4c9b93f3f0682250b6cf8331b7ee68fd8",
        "is_verified": false,
        "line_number": 18
      }
    ],
    "knowledge-graph-builder/benchmarks/README.md": [
      {
        "type": "Secret Keyword",
        "filename": "knowledge-graph-builder/benchmarks/README.md",
        "hashed_secret": "b48cf0140bea12734db05ebcdb012f1d265bed84",
        "is_verified": false,
        "line_number": 51
      }
    ],
    "knowledge-graph-builder/design-docs/knowledge-graph-builder-implementation-integration.md": [
      {
        "type": "Basic Auth Credentials",
        "filename": "knowledge-graph-builder/design-docs/knowledge-graph-builder-implementation-integration.md",
        "hashed_secret": "9d4e1e23bd5b727046a9e3b4b7db57bd8d6ee684",
        "is_verified": false,
        "line_number": 871
      },
      {
        "type": "Basic Auth Credentials",
        "filename": "knowledge-graph-builder/design-docs/knowledge-graph-builder-implementation-integration.md",
        "hashed_secret": "5baa61e4c9b93f3f0682250b6cf8331b7ee68fd8",
        "is_verified": false,
        "line_number": 1227
      }
    ],
    "knowledge-graph-builder/docs/getting-started/quickstart.md": [
      {
        "type": "Secret Keyword",
        "filename": "knowledge-graph-builder/docs/getting-started/quickstart.md",
        "hashed_secret": "5baa61e4c9b93f3f0682250b6cf8331b7ee68fd8",
        "is_verified": false,
        "line_number": 86
      }
    ],
    "knowledge-graph-builder/docs/mcp-setup.md": [
      {
        "type": "Secret Keyword",
        "filename": "knowledge-graph-builder/docs/mcp-setup.md",
        "hashed_secret": "5baa61e4c9b93f3f0682250b6cf8331b7ee68fd8",
        "is_verified": false,
        "line_number": 37
      }
    ],
    "knowledge-graph-builder/refactor/clean/example.py": [
      {
        "type": "Secret Keyword",
        "filename": "knowledge-graph-builder/refactor/clean/example.py",
        "hashed_secret": "5baa61e4c9b93f3f0682250b6cf8331b7ee68fd8",
        "is_verified": false,
        "line_number": 16
      }
    ],
    "knowledge-graph-builder/refactor/clean/pipeline.py": [
      {
        "type": "Secret Keyword",
        "filename": "knowledge-graph-builder/refactor/clean/pipeline.py",
        "hashed_secret": "5baa61e4c9b93f3f0682250b6cf8331b7ee68fd8",
        "is_verified": false,
        "line_number": 546
      }
    ],
    "knowledge-graph-builder/tests/integration/test_agents_integration.py": [
      {
        "type": "Secret Keyword",
        "filename": "knowledge-graph-builder/tests/integration/test_agents_integration.py",
        "hashed_secret": "3acfb2c2b433c0ea7ff107e33df91b18e52f960f",
        "is_verified": false,
        "line_number": 307
      }
    ],
    "knowledge-graph-builder/tests/integration/test_chat_api.py": [
      {
        "type": "Secret Keyword",
        "filename": "knowledge-graph-builder/tests/integration/test_chat_api.py",
        "hashed_secret": "3acfb2c2b433c0ea7ff107e33df91b18e52f960f",
        "is_verified": false,
        "line_number": 59
      }
    ],
    "knowledge-graph-builder/tests/integration/test_chat_ownership_security.py": [
      {
        "type": "Secret Keyword",
        "filename": "knowledge-graph-builder/tests/integration/test_chat_ownership_security.py",
        "hashed_secret": "3acfb2c2b433c0ea7ff107e33df91b18e52f960f",
        "is_verified": false,
        "line_number": 75
      }
    ],
    "knowledge-graph-builder/tests/integration/test_data_flow_integration.py": [
      {
        "type": "Secret Keyword",
        "filename": "knowledge-graph-builder/tests/integration/test_data_flow_integration.py",
        "hashed_secret": "ab823ab6d4a7d40b90a412b2485ede6c702d0305",
        "is_verified": false,
        "line_number": 50
      }
    ],
    "knowledge-graph-builder/tests/integration/test_hallucination.py": [
      {
        "type": "Secret Keyword",
        "filename": "knowledge-graph-builder/tests/integration/test_hallucination.py",
        "hashed_secret": "3acfb2c2b433c0ea7ff107e33df91b18e52f960f",
        "is_verified": false,
        "line_number": 72
      }
    ],
    "knowledge-graph-builder/tests/integration/test_llm_config_integration.py": [
      {
        "type": "Secret Keyword",
        "filename": "knowledge-graph-builder/tests/integration/test_llm_config_integration.py",
        "hashed_secret": "4dd920e8097653d0870fbc02757b8a52bafb6e39",
        "is_verified": false,
        "line_number": 44
      }
    ],
    "knowledge-graph-builder/tests/integration/test_multi_tenant_isolation.py": [
      {
        "type": "Secret Keyword",
        "filename": "knowledge-graph-builder/tests/integration/test_multi_tenant_isolation.py",
        "hashed_secret": "157c142144e778225fac5ed929cc81c36616fca1",
        "is_verified": false,
        "line_number": 252
      },
      {
        "type": "Secret Keyword",
        "filename": "knowledge-graph-builder/tests/integration/test_multi_tenant_isolation.py",
        "hashed_secret": "3acfb2c2b433c0ea7ff107e33df91b18e52f960f",
        "is_verified": false,
        "line_number": 284
      }
    ],
    "knowledge-graph-builder/tests/integration/test_service_accounts_api.py": [
      {
        "type": "Secret Keyword",
        "filename": "knowledge-graph-builder/tests/integration/test_service_accounts_api.py",
        "hashed_secret": "49b6ef96b243ea34a944db5e570a228527af5af4",
        "is_verified": false,
        "line_number": 62
      },
      {
        "type": "Secret Keyword",
        "filename": "knowledge-graph-builder/tests/integration/test_service_accounts_api.py",
        "hashed_secret": "b03d56b3d3b1933a137f4c415c155eb08c6073b2",
        "is_verified": false,
        "line_number": 67
      }
    ],
    "knowledge-graph-builder/tests/unit/test_agent_executor.py": [
      {
        "type": "Secret Keyword",
        "filename": "knowledge-graph-builder/tests/unit/test_agent_executor.py",
        "hashed_secret": "31cb31929f20d4dc26d29d3b03323e38a72978db",
        "is_verified": false,
        "line_number": 351
      }
    ],
    "knowledge-graph-builder/tests/unit/test_agent_executor_llm_resolution.py": [
      {
        "type": "Secret Keyword",
        "filename": "knowledge-graph-builder/tests/unit/test_agent_executor_llm_resolution.py",
        "hashed_secret": "b6e1e5e473ff7470748f2c6c180381394626b16c",
        "is_verified": false,
        "line_number": 34
      },
      {
        "type": "Secret Keyword",
        "filename": "knowledge-graph-builder/tests/unit/test_agent_executor_llm_resolution.py",
        "hashed_secret": "035774df1383d44df6a3343cd316ada6f41a97b6",
        "is_verified": false,
        "line_number": 59
      },
      {
        "type": "Secret Keyword",
        "filename": "knowledge-graph-builder/tests/unit/test_agent_executor_llm_resolution.py",
        "hashed_secret": "6d5e7baf4ba7767cd583d12c78de54f28d805598",
        "is_verified": false,
        "line_number": 72
      },
      {
        "type": "Secret Keyword",
        "filename": "knowledge-graph-builder/tests/unit/test_agent_executor_llm_resolution.py",
        "hashed_secret": "a54bd88e2bd740338cfb19160c0686c70facc590",
        "is_verified": false,
        "line_number": 93
      }
    ],
    "knowledge-graph-builder/tests/unit/test_background_jobs.py": [
      {
        "type": "Secret Keyword",
        "filename": "knowledge-graph-builder/tests/unit/test_background_jobs.py",
        "hashed_secret": "5baa61e4c9b93f3f0682250b6cf8331b7ee68fd8",
        "is_verified": false,
        "line_number": 171
      }
    ],
    "knowledge-graph-builder/tests/unit/test_bitemporal_story002.py": [
      {
        "type": "Secret Keyword",
        "filename": "knowledge-graph-builder/tests/unit/test_bitemporal_story002.py",
        "hashed_secret": "3acfb2c2b433c0ea7ff107e33df91b18e52f960f",
        "is_verified": false,
        "line_number": 76
      }
    ],
    "knowledge-graph-builder/tests/unit/test_chat_ownership.py": [
      {
        "type": "Secret Keyword",
        "filename": "knowledge-graph-builder/tests/unit/test_chat_ownership.py",
        "hashed_secret": "3acfb2c2b433c0ea7ff107e33df91b18e52f960f",
        "is_verified": false,
        "line_number": 98
      }
    ],
    "knowledge-graph-builder/tests/unit/test_chat_service.py": [
      {
        "type": "Secret Keyword",
        "filename": "knowledge-graph-builder/tests/unit/test_chat_service.py",
        "hashed_secret": "3acfb2c2b433c0ea7ff107e33df91b18e52f960f",
        "is_verified": false,
        "line_number": 59
      }
    ],
    "knowledge-graph-builder/tests/unit/test_diagram_extraction.py": [
      {
        "type": "Secret Keyword",
        "filename": "knowledge-graph-builder/tests/unit/test_diagram_extraction.py",
        "hashed_secret": "3acfb2c2b433c0ea7ff107e33df91b18e52f960f",
        "is_verified": false,
        "line_number": 118
      }
    ],
    "knowledge-graph-builder/tests/unit/test_evaluation_service.py": [
      {
        "type": "Secret Keyword",
        "filename": "knowledge-graph-builder/tests/unit/test_evaluation_service.py",
        "hashed_secret": "3acfb2c2b433c0ea7ff107e33df91b18e52f960f",
        "is_verified": false,
        "line_number": 92
      }
    ],
    "knowledge-graph-builder/tests/unit/test_federation_story019.py": [
      {
        "type": "Basic Auth Credentials",
        "filename": "knowledge-graph-builder/tests/unit/test_federation_story019.py",
        "hashed_secret": "9d4e1e23bd5b727046a9e3b4b7db57bd8d6ee684",
        "is_verified": false,
        "line_number": 46
      }
    ],
    "knowledge-graph-builder/tests/unit/test_leiden_story001.py": [
      {
        "type": "Secret Keyword",
        "filename": "knowledge-graph-builder/tests/unit/test_leiden_story001.py",
        "hashed_secret": "3acfb2c2b433c0ea7ff107e33df91b18e52f960f",
        "is_verified": false,
        "line_number": 295
      }
    ],
    "knowledge-graph-builder/tests/unit/test_llm_client_factory.py": [
      {
        "type": "Secret Keyword",
        "filename": "knowledge-graph-builder/tests/unit/test_llm_client_factory.py",
        "hashed_secret": "e9a5f12a8ecbb3eb46eca5096b5c52aa5e7c9fdd",
        "is_verified": false,
        "line_number": 12
      }
    ],
    "knowledge-graph-builder/tests/unit/test_llm_config_service.py": [
      {
        "type": "Secret Keyword",
        "filename": "knowledge-graph-builder/tests/unit/test_llm_config_service.py",
        "hashed_secret": "d2a390f7fa5fd97f7b5f0414dca753e8a12b9319",
        "is_verified": false,
        "line_number": 15
      },
      {
        "type": "Secret Keyword",
        "filename": "knowledge-graph-builder/tests/unit/test_llm_config_service.py",
        "hashed_secret": "1a8585eccdc7ff3229c561aceb454203864289f9",
        "is_verified": false,
        "line_number": 41
      }
    ],
    "knowledge-graph-builder/tests/unit/test_llm_service.py": [
      {
        "type": "Secret Keyword",
        "filename": "knowledge-graph-builder/tests/unit/test_llm_service.py",
        "hashed_secret": "a7c8c2aa39bf29a7e5cc78be25c5b481508949dc",
        "is_verified": false,
        "line_number": 62
      },
      {
        "type": "Secret Keyword",
        "filename": "knowledge-graph-builder/tests/unit/test_llm_service.py",
        "hashed_secret": "f5fa40b41964c9b19dd2b53884936a1236b8cb45",
        "is_verified": false,
        "line_number": 74
      }
    ],
    "knowledge-graph-builder/tests/unit/test_multimodal.py": [
      {
        "type": "Secret Keyword",
        "filename": "knowledge-graph-builder/tests/unit/test_multimodal.py",
        "hashed_secret": "3acfb2c2b433c0ea7ff107e33df91b18e52f960f",
        "is_verified": false,
        "line_number": 172
      }
    ],
    "knowledge-graph-builder/tests/unit/test_pipeline_service.py": [
      {
        "type": "Secret Keyword",
        "filename": "knowledge-graph-builder/tests/unit/test_pipeline_service.py",
        "hashed_secret": "5baa61e4c9b93f3f0682250b6cf8331b7ee68fd8",
        "is_verified": false,
        "line_number": 55
      },
      {
        "type": "Secret Keyword",
        "filename": "knowledge-graph-builder/tests/unit/test_pipeline_service.py",
        "hashed_secret": "3acfb2c2b433c0ea7ff107e33df91b18e52f960f",
        "is_verified": false,
        "line_number": 57
      },
      {
        "type": "Secret Keyword",
        "filename": "knowledge-graph-builder/tests/unit/test_pipeline_service.py",
        "hashed_secret": "9d4e1e23bd5b727046a9e3b4b7db57bd8d6ee684",
        "is_verified": false,
        "line_number": 72
      },
      {
        "type": "Secret Keyword",
        "filename": "knowledge-graph-builder/tests/unit/test_pipeline_service.py",
        "hashed_secret": "a62f2225bf70bfaccbc7f1ef2a397836717377de",
        "is_verified": false,
        "line_number": 74
      }
    ],
    "knowledge-graph-builder/tests/unit/test_service_accounts.py": [
      {
        "type": "Secret Keyword",
        "filename": "knowledge-graph-builder/tests/unit/test_service_accounts.py",
        "hashed_secret": "4e83011ceb783a99cee43c9d0f82d4170045405c",
        "is_verified": false,
        "line_number": 215
      }
    ],
    "oraclous-core-service/app/alembic.ini": [
      {
        "type": "Basic Auth Credentials",
        "filename": "oraclous-core-service/app/alembic.ini",
        "hashed_secret": "cdee0033a10cb7ef98c9892b1dd6418c187aa61f",
        "is_verified": false,
        "line_number": 5
      }
    ],
    "oraclous-core-service/app/core/config.py": [
      {
        "type": "Basic Auth Credentials",
        "filename": "oraclous-core-service/app/core/config.py",
        "hashed_secret": "5baa61e4c9b93f3f0682250b6cf8331b7ee68fd8",
        "is_verified": false,
        "line_number": 5
      }
    ],
    "oraclous-core-service/app/schemas/common.py": [
      {
        "type": "Secret Keyword",
        "filename": "oraclous-core-service/app/schemas/common.py",
        "hashed_secret": "159500287c06851df741128ec4b073ea394414b6",
        "is_verified": false,
        "line_number": 20
      },
      {
        "type": "Secret Keyword",
        "filename": "oraclous-core-service/app/schemas/common.py",
        "hashed_secret": "a4b72db30ceed51a440afe2e6324277b01a262db",
        "is_verified": false,
        "line_number": 22
      }
    ],
    "oraclous-core-service/app/services/validation_service.py": [
      {
        "type": "Secret Keyword",
        "filename": "oraclous-core-service/app/services/validation_service.py",
        "hashed_secret": "55a501d4c22cdc050080690771d7eba45ad64daf",
        "is_verified": false,
        "line_number": 349
      },
      {
        "type": "Secret Keyword",
        "filename": "oraclous-core-service/app/services/validation_service.py",
        "hashed_secret": "8a6e228ccf20a8d0855ac26a675a023a82b3c3c6",
        "is_verified": false,
        "line_number": 351
      },
      {
        "type": "Secret Keyword",
        "filename": "oraclous-core-service/app/services/validation_service.py",
        "hashed_secret": "47acd2028cf81b5da88ddeedb2aea4eca4b71fbd",
        "is_verified": false,
        "line_number": 359
      },
      {
        "type": "Secret Keyword",
        "filename": "oraclous-core-service/app/services/validation_service.py",
        "hashed_secret": "c742f62b6e5099478930c9cde3232e3ebf61eb5c",
        "is_verified": false,
        "line_number": 361
      }
    ],
    "oraclous-core-service/app/tools/implementations/ingestion/mysql_reader.py": [
      {
        "type": "Basic Auth Credentials",
        "filename": "oraclous-core-service/app/tools/implementations/ingestion/mysql_reader.py",
        "hashed_secret": "5baa61e4c9b93f3f0682250b6cf8331b7ee68fd8",
        "is_verified": false,
        "line_number": 158
      }
    ],
    "setup_community_schema.py": [
      {
        "type": "Base64 High Entropy String",
        "filename": "setup_community_schema.py",
        "hashed_secret": "a29329e1ee1eb16c985f6ad405a244b7054fe38b",
        "is_verified": false,
        "line_number": 124
      }
    ]
  },
  "generated_at": "2026-05-13T18:14:52Z"
}
